core_cm7.h:2229:22:SCB_EnableICache	4	static,ignoring_inline_asm
core_cm7.h:2281:22:SCB_EnableDCache	24	static,ignoring_inline_asm
main.c:98:6:HAL_ADC_ConvCpltCallback	16	static
main.c:106:6:HAL_TIM_PeriodElapsedCallback	16	static
main.c:120:6:gameboard	32	static
main.c:137:5:main	56	static
main.c:280:6:SystemClock_Config	232	static
main.c:341:13:MX_ADC1_Init	48	static
main.c:403:13:MX_DMA2D_Init	8	static
main.c:442:13:MX_DSIHOST_DSI_Init	176	static
main.c:551:13:MX_LTDC_Init	112	static
main.c:633:13:MX_TIM6_Init	24	static
main.c:671:13:MX_TIM7_Init	24	static
main.c:705:13:MX_FMC_Init	40	static
main.c:756:13:MX_GPIO_Init	64	static
main.c:780:6:HAL_GPIO_EXTI_Callback	40	static
main.c:798:13:LCD_Config	24	static
main.c:837:6:Error_Handler	4	static
